[     685ms] [VERBOSE] [DOM] Input elements should have autocomplete attributes (suggested: "current-password"): (More info: https://goo.gl/9p2vKq) %o @ https://www.instagram.com/accounts/login/:0
[     877ms] [LOG] 
%cStop! font-family:helvetica; font-size:20px; font-size:50px; font-weight:bold; color:red; -webkit-text-stroke:1px black; @ https://static.cdninstagram.com/rsrc.php/v4itad4/y0/l/en_US/1WeKwDQe1KIQDgTyuCqalEO_YWOid0pHda1X3teFZSXiiLX4PZxqJ0eiFGHh9ozlMIh6DGG-sybjmX8adKr7M9uZ1DGwrWmXMyxvozDzTmGAfJYCPfv43i0iwa7eSNpDNxgKcmMZ-z9V1-jE9ZqzBbTbYPJJDchOYIvRE1tYh3omlNxBKN3FCGXPd_I.js:8
[     877ms] [LOG] 
%cThis is a browser feature intended for developers. If someone told you to copy-paste something here to enable an Instagram feature or "hack" someone's account, it is a scam and will give them access to your Instagram account. font-family:helvetica; font-size:20px;  @ https://static.cdninstagram.com/rsrc.php/v4itad4/y0/l/en_US/1WeKwDQe1KIQDgTyuCqalEO_YWOid0pHda1X3teFZSXiiLX4PZxqJ0eiFGHh9ozlMIh6DGG-sybjmX8adKr7M9uZ1DGwrWmXMyxvozDzTmGAfJYCPfv43i0iwa7eSNpDNxgKcmMZ-z9V1-jE9ZqzBbTbYPJJDchOYIvRE1tYh3omlNxBKN3FCGXPd_I.js:8
[     878ms] [LOG] 
%cSee https://www.facebook.com/selfxss for more information. font-family:helvetica; font-size:20px;  @ https://static.cdninstagram.com/rsrc.php/v4itad4/y0/l/en_US/1WeKwDQe1KIQDgTyuCqalEO_YWOid0pHda1X3teFZSXiiLX4PZxqJ0eiFGHh9ozlMIh6DGG-sybjmX8adKr7M9uZ1DGwrWmXMyxvozDzTmGAfJYCPfv43i0iwa7eSNpDNxgKcmMZ-z9V1-jE9ZqzBbTbYPJJDchOYIvRE1tYh3omlNxBKN3FCGXPd_I.js:8
[     878ms] [LOG] 
%c  @ https://static.cdninstagram.com/rsrc.php/v4itad4/y0/l/en_US/1WeKwDQe1KIQDgTyuCqalEO_YWOid0pHda1X3teFZSXiiLX4PZxqJ0eiFGHh9ozlMIh6DGG-sybjmX8adKr7M9uZ1DGwrWmXMyxvozDzTmGAfJYCPfv43i0iwa7eSNpDNxgKcmMZ-z9V1-jE9ZqzBbTbYPJJDchOYIvRE1tYh3omlNxBKN3FCGXPd_I.js:8
[    1331ms] [INFO] Banner not shown: beforeinstallpromptevent.preventDefault() called. The page must call beforeinstallpromptevent.prompt() to show the banner. @ https://www.instagram.com/accounts/login/:0
[  620244ms] [ERROR] Failed to launch 'intent://instagram.com/_n/mainfeed?ig_mid=6F073B5B-7904-4CEA-A348-2929B4636F19&utm_source=instagramweb#Intent;package=com.instagram.android;action=android.intent.action.VIEW;scheme=https;S.browser_fallback_url=ms-windows-store%3A%2F%2Fpdp%2F%3Fproductid%3D9nblggh5l9xt%26referrer%3Dappbadge%26source%3Dwww.instagram.com%26mode%3Dmini%26pos%3D12%2C12%2C1313%2C997;end' because the scheme does not have a registered handler. @ https://www.instagram.com/accounts/login/:0
[  623275ms] [ERROR] Failed to launch 'intent://instagram.com/_n/mainfeed?ig_mid=6F073B5B-7904-4CEA-A348-2929B4636F19&utm_source=instagramweb#Intent;package=com.instagram.android;action=android.intent.action.VIEW;scheme=https;S.browser_fallback_url=ms-windows-store%3A%2F%2Fpdp%2F%3Fproductid%3D9nblggh5l9xt%26referrer%3Dappbadge%26source%3Dwww.instagram.com%26mode%3Dmini%26pos%3D12%2C12%2C1313%2C997;end' because the scheme does not have a registered handler. @ https://www.instagram.com/accounts/login/:0
[  624283ms] [VERBOSE] [DOM] Input elements should have autocomplete attributes (suggested: "current-password"): (More info: https://goo.gl/9p2vKq) %o @ https://www.instagram.com/accounts/login/:0
[  633053ms] [ERROR] ErrorUtils caught an error:

Missing cryptedUid for successful web login

Subsequent non-fatal errors won't be logged; see https://fburl.com/debugjs. {column: 17878, clientTime: 1784226621, extra: Object, guardList: Array(1), hash: qig1wv} @ https://static.cdninstagram.com/rsrc.php/v4/yM/r/GUloP_S-SJ2.js:79
[  633899ms] [INFO] Banner not shown: beforeinstallpromptevent.preventDefault() called. The page must call beforeinstallpromptevent.prompt() to show the banner. @ https://www.instagram.com/auth_platform/recaptcha/?apc=Q8HeCgO3hMW-jMxdM4b-K2emMmGtFvt3TxPYUg0xxBcyvNWrj7rPcP9Dd5cfcUW7Va05ZK_1uf6pZpnFHxheNE97m_aSxadmAV69FXxWB1PBTWnwaM4m-IO6YAmTTAcAnZfeEcNi0TJXpqvCqF8NKxT-9MBToUitx4Vffa40CtVN17MaSojvC47hAZz0QWoGOrH-ryfPyIqBaTXhP5IXmDsnn9spKc-o5l58hhwaZBZHfyZoLQxWifrC_UWK1MifckFA6eq2k29oGqjeS9kR5rQJ6cvGdgUXYcLn25SahhxujnlsnCJYkR9IvF9PBaFKdnnJCj_jHaO9Q396FrHaQf-HveKdpKzNlc7oRcRjkNwIcyF5X9QD5pTvPVBBuP420Swi5Kh8kps_r1w3UbKg2pTXXE82a9prdlD6-b5JKdRLPHU7qiLKd-znk1YpYvILqwN8BOguPLEud2f5ZiWSuDJCHZtCTETGIkznFrO7SP6F59wnqBqHJgoeSdKNUBAizZRx8JB0mrFlg2vJw9xH3BMl5BKadxTy5XZ3r01uH1vhrxzOqYuNG2thg8Cw8bGzzpztAUeOkF-1iBX806I8v1316sadJRHo98nMii9eua8lU5ZmxxbeV9Vt4NSxvML-ll_Td-EtBeHf9Q-6cFnbA2aokmYS0t6yKJFOnGWINya4BET6x7VYFTdYsCPo1QKfDFM9biG7xogPI8JMsOH5UQF_exOOZAZmd4iUQdCE9zdkVW2Xc0mw0aSEhhpbHJWtjX8jdZgVRjkGCL2A3RNNRQbIqA6ooXqUmygDvbJcZL64OqRRpM4mNED1TywyMKk5j8UlbKJPr1S56eXvSfirFOIgBDWzA5ipgYelDYIRVpAYgdYjDdCGMR1yMZxnoEB6YideNK4OBMfkFH0gpbqInx8owPOlgVilxMy_UNnoTvJqXTCCUYgeF8Ld0lm-qqPL15HSatIC2uXd7XIobkm4EwtwBzxWJaQ_vWHuAjYaehMiyvcXxxDlyL_zYSEAsFsn0cHoKTZnI18cB8O843Gv7qNXV2IMHQ3qBqAxnaMy_wDuMmkfkB-YQxi5kuoZY_IjPTWfvbJxdnDhNG3gmjYEbYzpdxWxvlR3-hgbp5quBxlhdRqUxt2-PL-GFXGjR1BQM-ziHICqxR5GXeCphaCsgo_DO0EhZw73QxCI7clCYorNjUvbdf-72wkSYmLDnVXmkbV7ZFo0nsdZxG2PsN3sN2QpwPbkxLVTTfEztMQ0ANCAMReADRlCPe2oqVQsWKUEXgU9I8SUeAGYGM-I232l5tXAySVIgNasH_6sLt1u-0bhS77CG_bt_qGb4Q-gpcLG8cQx1pqO6KIrLTL6CN30StjB9qp9jemlI0OuzktAcJez-0mdw9_LZFbSwFBAwtylIuGGE2UzOIqqB_Els_hEusfrkeLNg3WRGgfEHeWZZV40tzOSVAtO02j8_WB6GVu4XVi0dDJV_XdwphSiiNV0zbF5iOe_R0Ie94XUGaLiVZUYGQ9xSbab9PRAqKG4c1xmya0KrvmwDtwJypsRPBfUwwM2x399NmHxmstG9bzEmFXuOu-HZ51HeV3SpszRqAHJgtRQZ80eHuV5MR_8vAOeYepjRFDEuT_FkvatEimKnfghNKMKNmt2yR1S-nsua5Ul_Hg10figys04C3JKBC17n7e6oWqIhVd2KLTrUaRCpC0huiF6oqQAV1KQpcspMjo1Q563mqhZXzU-1dBlCS4v104l87K1qLFNzJ_Ye4zNUD7T5v96yKTGhdIpUuqicJLP1iIjtRiJ4MhyeBQGHvyB7Fp3vb8vAKr2Jyiyw_rEQxPnNVF63IcPkBjezRIGWZzqxryMGCliYYeTXgHfEu116oxzm_4MksWy-J8Xit5hhmAlCrcUKzidgzHUDzcfPDbMG1jGDcW34o7SmLTI0r1TQl_ywciJy7CGB5JtjzMkYX74oowyQysqdEB528Q3NIDtaZYXfomB2nsHhhXIsKjikQRh8e1GcCR9zO6xpjZEU5Wn6LloZI7gW2vQew51Gw26Uqe7Y5ERw60-qtlck4Luqa54BQ41H3C-W4c5clfnb9KHb39aPbSRQvtgbmDXD4RR0r4DsIiLRkKDHAuI-igElOYaUBU6jj_lNKaB5H-iZyPgZ_JNnkD6hv1P63KyfSIOA3kMnRoqBlWoMQ_6aBpwIROhKgN4CKduri1tXRhRrF5_bTzEOxE1DabPUc2OpEAJQqrUkGbqR_GO6E4AhBaf0Ok_Gk0lmthnOqf_hJPTqsk40asS7_9UaKZmXpmG3SzB2XsInglRCWHzXymvQaOHTFX30sw8ld4QRFp5yia9KGP_Sqiw9aqE4ZI4cLUlmUZ__uoGJPhCOOFUWRZVuwkSBxHLjxoZotde_svw0Y4jv7nABWazHhXUHBCUyNDBrXngH9eKrIn3nMUoUVuXxXf21aaXNsBXwkNLi_zS_sbk2l7ojFjT3k8rFRjCM3DiRt-6Xmxv-nk7A0s_wSIzFWazfd9GQeIQb3h6lUqrknIKFQlMyAyig8yXdIrZn17rP-h0JSL78qH4Vg5k54Aqgm9AEBIk7RJqga8OPTiQ1BjSIyPoWGkkkC4xyqG8RtWW_heh527k0k-aOtCkErwuKMROAL4RsnJXhCo1Jbq1z371uHPTNAC4bVjGVHjF6EupFXY%7Capas&device_id=alkfwwALAAEO8rxf6zuQt4l-Qmn2:0
[  633931ms] [LOG] 
%cStop! font-family:helvetica; font-size:20px; font-size:50px; font-weight:bold; color:red; -webkit-text-stroke:1px black; @ https://static.cdninstagram.com/rsrc.php/v4ijWG4/y2/l/en_US/1WeKwDQe1KI.js:8
[  633931ms] [LOG] 
%cThis is a browser feature intended for developers. If someone told you to copy-paste something here to enable an Instagram feature or "hack" someone's account, it is a scam and will give them access to your Instagram account. font-family:helvetica; font-size:20px;  @ https://static.cdninstagram.com/rsrc.php/v4ijWG4/y2/l/en_US/1WeKwDQe1KI.js:8
[  633931ms] [LOG] 
%cSee https://www.facebook.com/selfxss for more information. font-family:helvetica; font-size:20px;  @ https://static.cdninstagram.com/rsrc.php/v4ijWG4/y2/l/en_US/1WeKwDQe1KI.js:8
[  633931ms] [LOG] 
%c  @ https://static.cdninstagram.com/rsrc.php/v4ijWG4/y2/l/en_US/1WeKwDQe1KI.js:8
[  634591ms] [ERROR] Permissions policy violation: unload is not allowed in this document. @ https://static.xx.fbcdn.net/rsrc.php/v4/yl/r/8BdvZ21cj3t.js:322
[  656057ms] [LOG] 
%cStop! font-family:helvetica; font-size:20px; font-size:50px; font-weight:bold; color:red; -webkit-text-stroke:1px black; @ https://static.cdninstagram.com/rsrc.php/v4ieuo4/yd/l/en_US-j/AWu1EyIofih1WeKwDQe1KITCK90oy66VXEOMLU1PZtNsO_YWOid0pHd3hI7W2iNQIOa1X3teFZSXiiLX4PZxqJ0eCdq-ncqoaDzrrCxjEFdRGjiFGHh9ozlMIh6DGG-sybjmJUzkTJQ4uD2uStJm9t9CTfLPEVV1XOPMp6aGHgQxrtu9Xw2EYWhuenwy9Cv35c7Xl7AGK-rvBHU1eLB3_VNT82X2i3e6dYemrCBphhshD5-sc1ia7hA_isA-dlGAi7aOZiAIQqP2W9xWp-2H-jmMca4fQ-pKzMGU-W7GseLv7BSSIIKUTMMsiJC02ezLq_HwRHr_gt.js:121
[  656057ms] [LOG] 
%cThis is a browser feature intended for developers. If someone told you to copy-paste something here to enable an Instagram feature or "hack" someone's account, it is a scam and will give them access to your Instagram account. font-family:helvetica; font-size:20px;  @ https://static.cdninstagram.com/rsrc.php/v4ieuo4/yd/l/en_US-j/AWu1EyIofih1WeKwDQe1KITCK90oy66VXEOMLU1PZtNsO_YWOid0pHd3hI7W2iNQIOa1X3teFZSXiiLX4PZxqJ0eCdq-ncqoaDzrrCxjEFdRGjiFGHh9ozlMIh6DGG-sybjmJUzkTJQ4uD2uStJm9t9CTfLPEVV1XOPMp6aGHgQxrtu9Xw2EYWhuenwy9Cv35c7Xl7AGK-rvBHU1eLB3_VNT82X2i3e6dYemrCBphhshD5-sc1ia7hA_isA-dlGAi7aOZiAIQqP2W9xWp-2H-jmMca4fQ-pKzMGU-W7GseLv7BSSIIKUTMMsiJC02ezLq_HwRHr_gt.js:121
[  656057ms] [LOG] 
%cSee https://www.facebook.com/selfxss for more information. font-family:helvetica; font-size:20px;  @ https://static.cdninstagram.com/rsrc.php/v4ieuo4/yd/l/en_US-j/AWu1EyIofih1WeKwDQe1KITCK90oy66VXEOMLU1PZtNsO_YWOid0pHd3hI7W2iNQIOa1X3teFZSXiiLX4PZxqJ0eCdq-ncqoaDzrrCxjEFdRGjiFGHh9ozlMIh6DGG-sybjmJUzkTJQ4uD2uStJm9t9CTfLPEVV1XOPMp6aGHgQxrtu9Xw2EYWhuenwy9Cv35c7Xl7AGK-rvBHU1eLB3_VNT82X2i3e6dYemrCBphhshD5-sc1ia7hA_isA-dlGAi7aOZiAIQqP2W9xWp-2H-jmMca4fQ-pKzMGU-W7GseLv7BSSIIKUTMMsiJC02ezLq_HwRHr_gt.js:121
[  656057ms] [LOG] 
%c  @ https://static.cdninstagram.com/rsrc.php/v4ieuo4/yd/l/en_US-j/AWu1EyIofih1WeKwDQe1KITCK90oy66VXEOMLU1PZtNsO_YWOid0pHd3hI7W2iNQIOa1X3teFZSXiiLX4PZxqJ0eCdq-ncqoaDzrrCxjEFdRGjiFGHh9ozlMIh6DGG-sybjmJUzkTJQ4uD2uStJm9t9CTfLPEVV1XOPMp6aGHgQxrtu9Xw2EYWhuenwy9Cv35c7Xl7AGK-rvBHU1eLB3_VNT82X2i3e6dYemrCBphhshD5-sc1ia7hA_isA-dlGAi7aOZiAIQqP2W9xWp-2H-jmMca4fQ-pKzMGU-W7GseLv7BSSIIKUTMMsiJC02ezLq_HwRHr_gt.js:121
[  656074ms] [INFO] Banner not shown: beforeinstallpromptevent.preventDefault() called. The page must call beforeinstallpromptevent.prompt() to show the banner. @ https://www.instagram.com/accounts/onetap/:0
[  659506ms] [ERROR] Permissions policy violation: unload is not allowed in this document. @ https://static.xx.fbcdn.net/rsrc.php/v4/yM/r/GUloP_S-SJ2.js:242
